// Jest Snapshot v1, https://goo.gl/fbAQLP

exports[`<Root/> render() renders login component 1`] = `
<div
  className="App"
>
  <Connect(WithStyles(AppNavbar)) />
  <Connect(WithStyles(LogIn)) />
</div>
`;
