// Jest Snapshot v1, https://goo.gl/fbAQLP

exports[`<App /> render() renders the component 1`] = `
<div
  className="App"
>
  <AppNavbar />
  <Container
    tag="div"
  >
    <Connect(ItemModal) />
    <Connect(ShoppingList) />
  </Container>
</div>
`;
