// Jest Snapshot v1, https://goo.gl/fbAQLP

exports[`<ShoppingList /> render() renders the component 1`] = `
<Container
  tag="div"
>
  <ListGroup
    tag="ul"
  >
    <TransitionGroup
      childFactory={[Function]}
      className="shopping-list"
      component="div"
    >
      <CSSTransition
        classNames="fade"
        key="1"
        timeout={500}
      >
        <ListGroupItem
          tag="li"
        >
          <Button
            className="remove-btn"
            color="danger"
            onClick={[Function]}
            size="sm"
            tag="button"
          >
            Ã—
          </Button>
          Milk
        </ListGroupItem>
      </CSSTransition>
    </TransitionGroup>
  </ListGroup>
</Container>
`;
